============================= test session starts ==============================
platform darwin -- Python 3.13.0, pytest-9.0.1, pluggy-1.6.0 -- /Users/raul/Documents/GitHub/RenewalGuard/venv/bin/python3.13
cachedir: .pytest_cache
rootdir: /Users/raul/Documents/GitHub/RenewalGuard
configfile: pytest.ini
plugins: Faker-19.13.0, Flask-Dance-7.1.0, cov-7.0.0
collecting ... collected 1 item

tests/test_reports.py::test_assets_dashboard_with_no_assets FAILED       [100%]

=================================== FAILURES ===================================
_____________________ test_assets_dashboard_with_no_assets _____________________

auth_client = <FlaskClient <Flask 'src'>>, app = <Flask 'src'>

    def test_assets_dashboard_with_no_assets(auth_client, app):
        """Test dashboard handles empty asset list gracefully."""
        with app.app_context():
            # Archive all assets
            from src.models import Asset
            Asset.query.update({Asset.is_archived: True})
            db.session.commit()
    
>       response = auth_client.get('/reports/assets-dashboard')
                   ^^^^^^^^^^^^^^^^^^^^^^^^^^^^^^^^^^^^^^^^^^^^

tests/test_reports.py:206: 
_ _ _ _ _ _ _ _ _ _ _ _ _ _ _ _ _ _ _ _ _ _ _ _ _ _ _ _ _ _ _ _ _ _ _ _ _ _ _ _ 
venv/lib/python3.13/site-packages/werkzeug/test.py:1162: in get
    return self.open(*args, **kw)
           ^^^^^^^^^^^^^^^^^^^^^^
venv/lib/python3.13/site-packages/flask/testing.py:235: in open
    response = super().open(
venv/lib/python3.13/site-packages/werkzeug/test.py:1116: in open
    response_parts = self.run_wsgi_app(request.environ, buffered=buffered)
                     ^^^^^^^^^^^^^^^^^^^^^^^^^^^^^^^^^^^^^^^^^^^^^^^^^^^^^
venv/lib/python3.13/site-packages/werkzeug/test.py:988: in run_wsgi_app
    rv = run_wsgi_app(self.application, environ, buffered=buffered)
         ^^^^^^^^^^^^^^^^^^^^^^^^^^^^^^^^^^^^^^^^^^^^^^^^^^^^^^^^^^
venv/lib/python3.13/site-packages/werkzeug/test.py:1264: in run_wsgi_app
    app_rv = app(environ, start_response)
             ^^^^^^^^^^^^^^^^^^^^^^^^^^^^
venv/lib/python3.13/site-packages/flask/app.py:1536: in __call__
    return self.wsgi_app(environ, start_response)
           ^^^^^^^^^^^^^^^^^^^^^^^^^^^^^^^^^^^^^^
venv/lib/python3.13/site-packages/flask/app.py:1514: in wsgi_app
    response = self.handle_exception(e)
               ^^^^^^^^^^^^^^^^^^^^^^^^
venv/lib/python3.13/site-packages/flask/app.py:1511: in wsgi_app
    response = self.full_dispatch_request()
               ^^^^^^^^^^^^^^^^^^^^^^^^^^^^
venv/lib/python3.13/site-packages/flask/app.py:919: in full_dispatch_request
    rv = self.handle_user_exception(e)
         ^^^^^^^^^^^^^^^^^^^^^^^^^^^^^
venv/lib/python3.13/site-packages/flask/app.py:917: in full_dispatch_request
    rv = self.dispatch_request()
         ^^^^^^^^^^^^^^^^^^^^^^^
venv/lib/python3.13/site-packages/flask/app.py:902: in dispatch_request
    return self.ensure_sync(self.view_functions[rule.endpoint])(**view_args)  # type: ignore[no-any-return]
           ^^^^^^^^^^^^^^^^^^^^^^^^^^^^^^^^^^^^^^^^^^^^^^^^^^^^^^^^^^^^^^^^^
src/routes/main.py:22: in decorated_function
    return f(*args, **kwargs)
           ^^^^^^^^^^^^^^^^^^
src/routes/reports.py:320: in assets_dashboard
    return render_template(
venv/lib/python3.13/site-packages/flask/templating.py:150: in render_template
    return _render(app, template, context)
           ^^^^^^^^^^^^^^^^^^^^^^^^^^^^^^^
venv/lib/python3.13/site-packages/flask/templating.py:131: in _render
    rv = template.render(context)
         ^^^^^^^^^^^^^^^^^^^^^^^^
venv/lib/python3.13/site-packages/jinja2/environment.py:1295: in render
    self.environment.handle_exception()
venv/lib/python3.13/site-packages/jinja2/environment.py:942: in handle_exception
    raise rewrite_traceback_stack(source=source)
src/templates/reports/assets_dashboard.html:1: in top-level template code
    {% extends "layout.html" %}
    ^^^^^^^^^^^^^^^^^^^^^^^^^
src/templates/layout.html:428: in top-level template code
    {% block content %}{% endblock %}
    ^^^^^^^^^^^^^^^^^^^^^^^^^
_ _ _ _ _ _ _ _ _ _ _ _ _ _ _ _ _ _ _ _ _ _ _ _ _ _ _ _ _ _ _ _ _ _ _ _ _ _ _ _ 

    {% extends "layout.html" %}
    
    {% block title %}Asset Operations Dashboard - {{ super() }}{% endblock %}
    
    {% block content %}
    <div class="d-flex justify-content-between flex-wrap flex-md-nowrap align-items-center pt-3 pb-2 mb-3 border-bottom">
        <h1 class="h2"><i class="fas fa-server"></i> Asset Operations Dashboard</h1>
        <div class="btn-toolbar mb-2 mb-md-0">
            <div class="btn-group me-2">
                <a href="{{ url_for('reports.assets_dashboard_pdf') }}" class="btn btn-sm btn-outline-secondary">
                    <i class="bi bi-file-earmark-pdf"></i> Export PDF
                </a>
            </div>
        </div>
    </div>
    
    <!-- KPI Cards Row -->
    <div class="row mb-4">
        <div class="col-md-3">
            <div class="card text-white bg-primary h-100">
                <div class="card-body">
                    <h5 class="card-title">Total Fleet Size</h5>
                    <p class="card-text display-4">{{ total_fleet }}</p>
                    <small>Active Assets</small>
                </div>
            </div>
        </div>
        <div class="col-md-3">
            <div
>               class="card text-white {% if (total_current_value / total_capex * 100) < 50 %}bg-warning{% else %}bg-info{% endif %} h-100">
    ^^^^^^^^^^^^^^^^^^^^^^^^^
E               ZeroDivisionError: float division by zero

src/templates/reports/assets_dashboard.html:30: ZeroDivisionError
---------------------------- Captured stderr setup -----------------------------
--- Logging error ---
Traceback (most recent call last):
  File "/Library/Frameworks/Python.framework/Versions/3.13/lib/python3.13/logging/handlers.py", line 79, in emit
    if self.shouldRollover(record):
       ~~~~~~~~~~~~~~~~~~~^^^^^^^^
  File "/Library/Frameworks/Python.framework/Versions/3.13/lib/python3.13/logging/handlers.py", line 203, in shouldRollover
    msg = "%s\n" % self.format(record)
                   ~~~~~~~~~~~^^^^^^^^
  File "/Library/Frameworks/Python.framework/Versions/3.13/lib/python3.13/logging/__init__.py", line 998, in format
    return fmt.format(record)
           ~~~~~~~~~~^^^^^^^^
  File "/Users/raul/Documents/GitHub/RenewalGuard/venv/lib/python3.13/site-packages/ecs_logging/_stdlib.py", line 164, in format
    result = self.format_to_ecs(record)
  File "/Users/raul/Documents/GitHub/RenewalGuard/venv/lib/python3.13/site-packages/ecs_logging/_stdlib.py", line 247, in format_to_ecs
    merge_dicts(de_dot(field, value), result)
    ~~~~~~~~~~~^^^^^^^^^^^^^^^^^^^^^^^^^^^^^^
  File "/Users/raul/Documents/GitHub/RenewalGuard/venv/lib/python3.13/site-packages/ecs_logging/_utils.py", line 90, in merge_dicts
    raise TypeError(
    ...<4 lines>...
    )
TypeError: Type mismatch at key `@timestamp`: merging dicts would replace value `2026-01-05T19:40:30.147Z` with `2026-01-05T19:40:30.147155`. This is likely due to dotted keys in the event dict being turned into nested dictionaries, causing a conflict.
Call stack:
  File "/Users/raul/Documents/GitHub/RenewalGuard/./venv/bin/pytest", line 8, in <module>
    sys.exit(console_main())
  File "/Users/raul/Documents/GitHub/RenewalGuard/venv/lib/python3.13/site-packages/_pytest/config/__init__.py", line 221, in console_main
    code = main()
  File "/Users/raul/Documents/GitHub/RenewalGuard/venv/lib/python3.13/site-packages/_pytest/config/__init__.py", line 197, in main
    ret: ExitCode | int = config.hook.pytest_cmdline_main(config=config)
  File "/Users/raul/Documents/GitHub/RenewalGuard/venv/lib/python3.13/site-packages/pluggy/_hooks.py", line 512, in __call__
    return self._hookexec(self.name, self._hookimpls.copy(), kwargs, firstresult)
  File "/Users/raul/Documents/GitHub/RenewalGuard/venv/lib/python3.13/site-packages/pluggy/_manager.py", line 120, in _hookexec
    return self._inner_hookexec(hook_name, methods, kwargs, firstresult)
  File "/Users/raul/Documents/GitHub/RenewalGuard/venv/lib/python3.13/site-packages/pluggy/_callers.py", line 121, in _multicall
    res = hook_impl.function(*args)
  File "/Users/raul/Documents/GitHub/RenewalGuard/venv/lib/python3.13/site-packages/_pytest/main.py", line 365, in pytest_cmdline_main
    return wrap_session(config, _main)
  File "/Users/raul/Documents/GitHub/RenewalGuard/venv/lib/python3.13/site-packages/_pytest/main.py", line 318, in wrap_session
    session.exitstatus = doit(config, session) or 0
  File "/Users/raul/Documents/GitHub/RenewalGuard/venv/lib/python3.13/site-packages/_pytest/main.py", line 372, in _main
    config.hook.pytest_runtestloop(session=session)
  File "/Users/raul/Documents/GitHub/RenewalGuard/venv/lib/python3.13/site-packages/pluggy/_hooks.py", line 512, in __call__
    return self._hookexec(self.name, self._hookimpls.copy(), kwargs, firstresult)
  File "/Users/raul/Documents/GitHub/RenewalGuard/venv/lib/python3.13/site-packages/pluggy/_manager.py", line 120, in _hookexec
    return self._inner_hookexec(hook_name, methods, kwargs, firstresult)
  File "/Users/raul/Documents/GitHub/RenewalGuard/venv/lib/python3.13/site-packages/pluggy/_callers.py", line 121, in _multicall
    res = hook_impl.function(*args)
  File "/Users/raul/Documents/GitHub/RenewalGuard/venv/lib/python3.13/site-packages/_pytest/main.py", line 396, in pytest_runtestloop
    item.config.hook.pytest_runtest_protocol(item=item, nextitem=nextitem)
  File "/Users/raul/Documents/GitHub/RenewalGuard/venv/lib/python3.13/site-packages/pluggy/_hooks.py", line 512, in __call__
    return self._hookexec(self.name, self._hookimpls.copy(), kwargs, firstresult)
  File "/Users/raul/Documents/GitHub/RenewalGuard/venv/lib/python3.13/site-packages/pluggy/_manager.py", line 120, in _hookexec
    return self._inner_hookexec(hook_name, methods, kwargs, firstresult)
  File "/Users/raul/Documents/GitHub/RenewalGuard/venv/lib/python3.13/site-packages/pluggy/_callers.py", line 121, in _multicall
    res = hook_impl.function(*args)
  File "/Users/raul/Documents/GitHub/RenewalGuard/venv/lib/python3.13/site-packages/_pytest/runner.py", line 118, in pytest_runtest_protocol
    runtestprotocol(item, nextitem=nextitem)
  File "/Users/raul/Documents/GitHub/RenewalGuard/venv/lib/python3.13/site-packages/_pytest/runner.py", line 131, in runtestprotocol
    rep = call_and_report(item, "setup", log)
  File "/Users/raul/Documents/GitHub/RenewalGuard/venv/lib/python3.13/site-packages/_pytest/runner.py", line 244, in call_and_report
    call = CallInfo.from_call(
  File "/Users/raul/Documents/GitHub/RenewalGuard/venv/lib/python3.13/site-packages/_pytest/runner.py", line 353, in from_call
    result: TResult | None = func()
  File "/Users/raul/Documents/GitHub/RenewalGuard/venv/lib/python3.13/site-packages/_pytest/runner.py", line 245, in <lambda>
    lambda: runtest_hook(item=item, **kwds),
  File "/Users/raul/Documents/GitHub/RenewalGuard/venv/lib/python3.13/site-packages/pluggy/_hooks.py", line 512, in __call__
    return self._hookexec(self.name, self._hookimpls.copy(), kwargs, firstresult)
  File "/Users/raul/Documents/GitHub/RenewalGuard/venv/lib/python3.13/site-packages/pluggy/_manager.py", line 120, in _hookexec
    return self._inner_hookexec(hook_name, methods, kwargs, firstresult)
  File "/Users/raul/Documents/GitHub/RenewalGuard/venv/lib/python3.13/site-packages/pluggy/_callers.py", line 121, in _multicall
    res = hook_impl.function(*args)
  File "/Users/raul/Documents/GitHub/RenewalGuard/venv/lib/python3.13/site-packages/_pytest/runner.py", line 165, in pytest_runtest_setup
    item.session._setupstate.setup(item)
  File "/Users/raul/Documents/GitHub/RenewalGuard/venv/lib/python3.13/site-packages/_pytest/runner.py", line 523, in setup
    col.setup()
  File "/Users/raul/Documents/GitHub/RenewalGuard/venv/lib/python3.13/site-packages/_pytest/python.py", line 1723, in setup
    self._request._fillfixtures()
  File "/Users/raul/Documents/GitHub/RenewalGuard/venv/lib/python3.13/site-packages/_pytest/fixtures.py", line 707, in _fillfixtures
    item.funcargs[argname] = self.getfixturevalue(argname)
  File "/Users/raul/Documents/GitHub/RenewalGuard/venv/lib/python3.13/site-packages/_pytest/fixtures.py", line 539, in getfixturevalue
    fixturedef = self._get_active_fixturedef(argname)
  File "/Users/raul/Documents/GitHub/RenewalGuard/venv/lib/python3.13/site-packages/_pytest/fixtures.py", line 627, in _get_active_fixturedef
    fixturedef.execute(request=subrequest)
  File "/Users/raul/Documents/GitHub/RenewalGuard/venv/lib/python3.13/site-packages/_pytest/fixtures.py", line 1110, in execute
    result: FixtureValue = ihook.pytest_fixture_setup(
  File "/Users/raul/Documents/GitHub/RenewalGuard/venv/lib/python3.13/site-packages/pluggy/_hooks.py", line 512, in __call__
    return self._hookexec(self.name, self._hookimpls.copy(), kwargs, firstresult)
  File "/Users/raul/Documents/GitHub/RenewalGuard/venv/lib/python3.13/site-packages/pluggy/_manager.py", line 120, in _hookexec
    return self._inner_hookexec(hook_name, methods, kwargs, firstresult)
  File "/Users/raul/Documents/GitHub/RenewalGuard/venv/lib/python3.13/site-packages/pluggy/_callers.py", line 121, in _multicall
    res = hook_impl.function(*args)
  File "/Users/raul/Documents/GitHub/RenewalGuard/venv/lib/python3.13/site-packages/_pytest/fixtures.py", line 1202, in pytest_fixture_setup
    result = call_fixture_func(fixturefunc, request, kwargs)
  File "/Users/raul/Documents/GitHub/RenewalGuard/venv/lib/python3.13/site-packages/_pytest/fixtures.py", line 908, in call_fixture_func
    fixture_result = next(generator)
  File "/Users/raul/Documents/GitHub/RenewalGuard/tests/conftest.py", line 75, in auth_client
    client.post('/login', data={
  File "/Users/raul/Documents/GitHub/RenewalGuard/venv/lib/python3.13/site-packages/werkzeug/test.py", line 1167, in post
    return self.open(*args, **kw)
  File "/Users/raul/Documents/GitHub/RenewalGuard/venv/lib/python3.13/site-packages/flask/testing.py", line 235, in open
    response = super().open(
  File "/Users/raul/Documents/GitHub/RenewalGuard/venv/lib/python3.13/site-packages/werkzeug/test.py", line 1116, in open
    response_parts = self.run_wsgi_app(request.environ, buffered=buffered)
  File "/Users/raul/Documents/GitHub/RenewalGuard/venv/lib/python3.13/site-packages/werkzeug/test.py", line 988, in run_wsgi_app
    rv = run_wsgi_app(self.application, environ, buffered=buffered)
  File "/Users/raul/Documents/GitHub/RenewalGuard/venv/lib/python3.13/site-packages/werkzeug/test.py", line 1264, in run_wsgi_app
    app_rv = app(environ, start_response)
  File "/Users/raul/Documents/GitHub/RenewalGuard/venv/lib/python3.13/site-packages/flask/app.py", line 1536, in __call__
    return self.wsgi_app(environ, start_response)
  File "/Users/raul/Documents/GitHub/RenewalGuard/venv/lib/python3.13/site-packages/flask/app.py", line 1511, in wsgi_app
    response = self.full_dispatch_request()
  File "/Users/raul/Documents/GitHub/RenewalGuard/venv/lib/python3.13/site-packages/flask/app.py", line 917, in full_dispatch_request
    rv = self.dispatch_request()
  File "/Users/raul/Documents/GitHub/RenewalGuard/venv/lib/python3.13/site-packages/flask/app.py", line 902, in dispatch_request
    return self.ensure_sync(self.view_functions[rule.endpoint])(**view_args)  # type: ignore[no-any-return]
  File "/Users/raul/Documents/GitHub/RenewalGuard/venv/lib/python3.13/site-packages/flask_limiter/_limits.py", line 326, in __inner
    return cast(R, flask.current_app.ensure_sync(obj)(*a, **k))
  File "/Users/raul/Documents/GitHub/RenewalGuard/src/routes/main.py", line 37, in login
    return verify_ip_and_login(user)
  File "/Users/raul/Documents/GitHub/RenewalGuard/src/routes/main.py", line 69, in verify_ip_and_login
    log_audit(
  File "/Users/raul/Documents/GitHub/RenewalGuard/src/utils/logger.py", line 67, in log_audit
    current_app.logger.log(level, f"{event_type}: {action}", extra=extra)
Message: 'security.login: login'
Arguments: ()
--- Logging error ---
Traceback (most recent call last):
  File "/Library/Frameworks/Python.framework/Versions/3.13/lib/python3.13/logging/__init__.py", line 1150, in emit
    msg = self.format(record)
  File "/Library/Frameworks/Python.framework/Versions/3.13/lib/python3.13/logging/__init__.py", line 998, in format
    return fmt.format(record)
           ~~~~~~~~~~^^^^^^^^
  File "/Users/raul/Documents/GitHub/RenewalGuard/venv/lib/python3.13/site-packages/ecs_logging/_stdlib.py", line 164, in format
    result = self.format_to_ecs(record)
  File "/Users/raul/Documents/GitHub/RenewalGuard/venv/lib/python3.13/site-packages/ecs_logging/_stdlib.py", line 247, in format_to_ecs
    merge_dicts(de_dot(field, value), result)
    ~~~~~~~~~~~^^^^^^^^^^^^^^^^^^^^^^^^^^^^^^
  File "/Users/raul/Documents/GitHub/RenewalGuard/venv/lib/python3.13/site-packages/ecs_logging/_utils.py", line 90, in merge_dicts
    raise TypeError(
    ...<4 lines>...
    )
TypeError: Type mismatch at key `@timestamp`: merging dicts would replace value `2026-01-05T19:40:30.147Z` with `2026-01-05T19:40:30.147155`. This is likely due to dotted keys in the event dict being turned into nested dictionaries, causing a conflict.
Call stack:
  File "/Users/raul/Documents/GitHub/RenewalGuard/./venv/bin/pytest", line 8, in <module>
    sys.exit(console_main())
  File "/Users/raul/Documents/GitHub/RenewalGuard/venv/lib/python3.13/site-packages/_pytest/config/__init__.py", line 221, in console_main
    code = main()
  File "/Users/raul/Documents/GitHub/RenewalGuard/venv/lib/python3.13/site-packages/_pytest/config/__init__.py", line 197, in main
    ret: ExitCode | int = config.hook.pytest_cmdline_main(config=config)
  File "/Users/raul/Documents/GitHub/RenewalGuard/venv/lib/python3.13/site-packages/pluggy/_hooks.py", line 512, in __call__
    return self._hookexec(self.name, self._hookimpls.copy(), kwargs, firstresult)
  File "/Users/raul/Documents/GitHub/RenewalGuard/venv/lib/python3.13/site-packages/pluggy/_manager.py", line 120, in _hookexec
    return self._inner_hookexec(hook_name, methods, kwargs, firstresult)
  File "/Users/raul/Documents/GitHub/RenewalGuard/venv/lib/python3.13/site-packages/pluggy/_callers.py", line 121, in _multicall
    res = hook_impl.function(*args)
  File "/Users/raul/Documents/GitHub/RenewalGuard/venv/lib/python3.13/site-packages/_pytest/main.py", line 365, in pytest_cmdline_main
    return wrap_session(config, _main)
  File "/Users/raul/Documents/GitHub/RenewalGuard/venv/lib/python3.13/site-packages/_pytest/main.py", line 318, in wrap_session
    session.exitstatus = doit(config, session) or 0
  File "/Users/raul/Documents/GitHub/RenewalGuard/venv/lib/python3.13/site-packages/_pytest/main.py", line 372, in _main
    config.hook.pytest_runtestloop(session=session)
  File "/Users/raul/Documents/GitHub/RenewalGuard/venv/lib/python3.13/site-packages/pluggy/_hooks.py", line 512, in __call__
    return self._hookexec(self.name, self._hookimpls.copy(), kwargs, firstresult)
  File "/Users/raul/Documents/GitHub/RenewalGuard/venv/lib/python3.13/site-packages/pluggy/_manager.py", line 120, in _hookexec
    return self._inner_hookexec(hook_name, methods, kwargs, firstresult)
  File "/Users/raul/Documents/GitHub/RenewalGuard/venv/lib/python3.13/site-packages/pluggy/_callers.py", line 121, in _multicall
    res = hook_impl.function(*args)
  File "/Users/raul/Documents/GitHub/RenewalGuard/venv/lib/python3.13/site-packages/_pytest/main.py", line 396, in pytest_runtestloop
    item.config.hook.pytest_runtest_protocol(item=item, nextitem=nextitem)
  File "/Users/raul/Documents/GitHub/RenewalGuard/venv/lib/python3.13/site-packages/pluggy/_hooks.py", line 512, in __call__
    return self._hookexec(self.name, self._hookimpls.copy(), kwargs, firstresult)
  File "/Users/raul/Documents/GitHub/RenewalGuard/venv/lib/python3.13/site-packages/pluggy/_manager.py", line 120, in _hookexec
    return self._inner_hookexec(hook_name, methods, kwargs, firstresult)
  File "/Users/raul/Documents/GitHub/RenewalGuard/venv/lib/python3.13/site-packages/pluggy/_callers.py", line 121, in _multicall
    res = hook_impl.function(*args)
  File "/Users/raul/Documents/GitHub/RenewalGuard/venv/lib/python3.13/site-packages/_pytest/runner.py", line 118, in pytest_runtest_protocol
    runtestprotocol(item, nextitem=nextitem)
  File "/Users/raul/Documents/GitHub/RenewalGuard/venv/lib/python3.13/site-packages/_pytest/runner.py", line 131, in runtestprotocol
    rep = call_and_report(item, "setup", log)
  File "/Users/raul/Documents/GitHub/RenewalGuard/venv/lib/python3.13/site-packages/_pytest/runner.py", line 244, in call_and_report
    call = CallInfo.from_call(
  File "/Users/raul/Documents/GitHub/RenewalGuard/venv/lib/python3.13/site-packages/_pytest/runner.py", line 353, in from_call
    result: TResult | None = func()
  File "/Users/raul/Documents/GitHub/RenewalGuard/venv/lib/python3.13/site-packages/_pytest/runner.py", line 245, in <lambda>
    lambda: runtest_hook(item=item, **kwds),
  File "/Users/raul/Documents/GitHub/RenewalGuard/venv/lib/python3.13/site-packages/pluggy/_hooks.py", line 512, in __call__
    return self._hookexec(self.name, self._hookimpls.copy(), kwargs, firstresult)
  File "/Users/raul/Documents/GitHub/RenewalGuard/venv/lib/python3.13/site-packages/pluggy/_manager.py", line 120, in _hookexec
    return self._inner_hookexec(hook_name, methods, kwargs, firstresult)
  File "/Users/raul/Documents/GitHub/RenewalGuard/venv/lib/python3.13/site-packages/pluggy/_callers.py", line 121, in _multicall
    res = hook_impl.function(*args)
  File "/Users/raul/Documents/GitHub/RenewalGuard/venv/lib/python3.13/site-packages/_pytest/runner.py", line 165, in pytest_runtest_setup
    item.session._setupstate.setup(item)
  File "/Users/raul/Documents/GitHub/RenewalGuard/venv/lib/python3.13/site-packages/_pytest/runner.py", line 523, in setup
    col.setup()
  File "/Users/raul/Documents/GitHub/RenewalGuard/venv/lib/python3.13/site-packages/_pytest/python.py", line 1723, in setup
    self._request._fillfixtures()
  File "/Users/raul/Documents/GitHub/RenewalGuard/venv/lib/python3.13/site-packages/_pytest/fixtures.py", line 707, in _fillfixtures
    item.funcargs[argname] = self.getfixturevalue(argname)
  File "/Users/raul/Documents/GitHub/RenewalGuard/venv/lib/python3.13/site-packages/_pytest/fixtures.py", line 539, in getfixturevalue
    fixturedef = self._get_active_fixturedef(argname)
  File "/Users/raul/Documents/GitHub/RenewalGuard/venv/lib/python3.13/site-packages/_pytest/fixtures.py", line 627, in _get_active_fixturedef
    fixturedef.execute(request=subrequest)
  File "/Users/raul/Documents/GitHub/RenewalGuard/venv/lib/python3.13/site-packages/_pytest/fixtures.py", line 1110, in execute
    result: FixtureValue = ihook.pytest_fixture_setup(
  File "/Users/raul/Documents/GitHub/RenewalGuard/venv/lib/python3.13/site-packages/pluggy/_hooks.py", line 512, in __call__
    return self._hookexec(self.name, self._hookimpls.copy(), kwargs, firstresult)
  File "/Users/raul/Documents/GitHub/RenewalGuard/venv/lib/python3.13/site-packages/pluggy/_manager.py", line 120, in _hookexec
    return self._inner_hookexec(hook_name, methods, kwargs, firstresult)
  File "/Users/raul/Documents/GitHub/RenewalGuard/venv/lib/python3.13/site-packages/pluggy/_callers.py", line 121, in _multicall
    res = hook_impl.function(*args)
  File "/Users/raul/Documents/GitHub/RenewalGuard/venv/lib/python3.13/site-packages/_pytest/fixtures.py", line 1202, in pytest_fixture_setup
    result = call_fixture_func(fixturefunc, request, kwargs)
  File "/Users/raul/Documents/GitHub/RenewalGuard/venv/lib/python3.13/site-packages/_pytest/fixtures.py", line 908, in call_fixture_func
    fixture_result = next(generator)
  File "/Users/raul/Documents/GitHub/RenewalGuard/tests/conftest.py", line 75, in auth_client
    client.post('/login', data={
  File "/Users/raul/Documents/GitHub/RenewalGuard/venv/lib/python3.13/site-packages/werkzeug/test.py", line 1167, in post
    return self.open(*args, **kw)
  File "/Users/raul/Documents/GitHub/RenewalGuard/venv/lib/python3.13/site-packages/flask/testing.py", line 235, in open
    response = super().open(
  File "/Users/raul/Documents/GitHub/RenewalGuard/venv/lib/python3.13/site-packages/werkzeug/test.py", line 1116, in open
    response_parts = self.run_wsgi_app(request.environ, buffered=buffered)
  File "/Users/raul/Documents/GitHub/RenewalGuard/venv/lib/python3.13/site-packages/werkzeug/test.py", line 988, in run_wsgi_app
    rv = run_wsgi_app(self.application, environ, buffered=buffered)
  File "/Users/raul/Documents/GitHub/RenewalGuard/venv/lib/python3.13/site-packages/werkzeug/test.py", line 1264, in run_wsgi_app
    app_rv = app(environ, start_response)
  File "/Users/raul/Documents/GitHub/RenewalGuard/venv/lib/python3.13/site-packages/flask/app.py", line 1536, in __call__
    return self.wsgi_app(environ, start_response)
  File "/Users/raul/Documents/GitHub/RenewalGuard/venv/lib/python3.13/site-packages/flask/app.py", line 1511, in wsgi_app
    response = self.full_dispatch_request()
  File "/Users/raul/Documents/GitHub/RenewalGuard/venv/lib/python3.13/site-packages/flask/app.py", line 917, in full_dispatch_request
    rv = self.dispatch_request()
  File "/Users/raul/Documents/GitHub/RenewalGuard/venv/lib/python3.13/site-packages/flask/app.py", line 902, in dispatch_request
    return self.ensure_sync(self.view_functions[rule.endpoint])(**view_args)  # type: ignore[no-any-return]
  File "/Users/raul/Documents/GitHub/RenewalGuard/venv/lib/python3.13/site-packages/flask_limiter/_limits.py", line 326, in __inner
    return cast(R, flask.current_app.ensure_sync(obj)(*a, **k))
  File "/Users/raul/Documents/GitHub/RenewalGuard/src/routes/main.py", line 37, in login
    return verify_ip_and_login(user)
  File "/Users/raul/Documents/GitHub/RenewalGuard/src/routes/main.py", line 69, in verify_ip_and_login
    log_audit(
  File "/Users/raul/Documents/GitHub/RenewalGuard/src/utils/logger.py", line 67, in log_audit
    current_app.logger.log(level, f"{event_type}: {action}", extra=extra)
Message: 'security.login: login'
Arguments: ()
------------------------------ Captured log setup ------------------------------
INFO     src:logger.py:67 security.login: login
=============================== warnings summary ===============================
tests/test_reports.py::test_assets_dashboard_with_no_assets
  /Users/raul/Documents/GitHub/RenewalGuard/venv/lib/python3.13/site-packages/sqlalchemy/sql/schema.py:3624: DeprecationWarning: datetime.datetime.utcnow() is deprecated and scheduled for removal in a future version. Use timezone-aware objects to represent datetimes in UTC: datetime.datetime.now(datetime.UTC).
    return util.wrap_callable(lambda ctx: fn(), fn)  # type: ignore

tests/test_reports.py::test_assets_dashboard_with_no_assets
  /Users/raul/Documents/GitHub/RenewalGuard/src/utils/logger.py:26: DeprecationWarning: datetime.datetime.utcnow() is deprecated and scheduled for removal in a future version. Use timezone-aware objects to represent datetimes in UTC: datetime.datetime.now(datetime.UTC).
    "@timestamp": datetime.utcnow().isoformat()

tests/test_reports.py::test_assets_dashboard_with_no_assets
tests/test_reports.py::test_assets_dashboard_with_no_assets
  /Users/raul/Documents/GitHub/RenewalGuard/src/routes/main.py:267: LegacyAPIWarning: The Query.get() method is considered legacy as of the 1.x series of SQLAlchemy and becomes a legacy construct in 2.0. The method is now available as Session.get() (deprecated since: 2.0) (Background on SQLAlchemy 2.0 at: https://sqlalche.me/e/b8d9)
    user = User.query.get(user_id)

tests/test_reports.py::test_assets_dashboard_with_no_assets
tests/test_reports.py::test_assets_dashboard_with_no_assets
  /Users/raul/Documents/GitHub/RenewalGuard/src/__init__.py:308: LegacyAPIWarning: The Query.get() method is considered legacy as of the 1.x series of SQLAlchemy and becomes a legacy construct in 2.0. The method is now available as Session.get() (deprecated since: 2.0) (Background on SQLAlchemy 2.0 at: https://sqlalche.me/e/b8d9)
    user = User.query.get(user_id)

-- Docs: https://docs.pytest.org/en/stable/how-to/capture-warnings.html
=========================== short test summary info ============================
FAILED tests/test_reports.py::test_assets_dashboard_with_no_assets - ZeroDivisionError: float division by zero
======================== 1 failed, 6 warnings in 3.76s =========================
